[www.simpletraffic.co/index.html]
[www.googleoptimize.com/optimize3404.js]
[backblue.gif]
[fade.gif]
[index.html]
[www.simpletraffic.co/vendors/instant-page/instant-page-5-1-0.min.js]
[www.simpletraffic.co/images/favicon/apple-touch-icon.png]
[www.simpletraffic.co/images/favicon/favicon-32x32.png]
[www.simpletraffic.co/images/favicon/favicon-16x16.png]
[www.simpletraffic.co/front/assets/js/modernizr-webp.js]
[www.simpletraffic.co/front/assets/css/theme45e5.css]
[www.simpletraffic.co/front/assets/vendor/font-awesome/css/all.min.css]
[www.simpletraffic.co/assets/ab-test.css]
[www.simpletraffic.co/front/assets/vendor/hs-mega-menu/dist/hs-mega-menu.min.css]
[www.simpletraffic.co/front/assets/vendor/fancybox/dist/jquery.fancybox.min.css]
[www.simpletraffic.co/front/assets/vendor/slick-carousel/slick/slick.css]
[www.simpletraffic.co/front/assets/vendor/dzsparallaxer/dzsparallaxer.css]
[www.simpletraffic.co/assets/cookie-script.js]
[www.simpletraffic.co/images/background5.jpg]
[www.simpletraffic.co/images/review1.png]
[www.simpletraffic.co/images/girl-yes.gif]
[www.simpletraffic.co/index-2.html]
[www.simpletraffic.co/images/Simple-Traffic-Logo.png]
[www.simpletraffic.co/front/assets/svg/icons/icon-2.svg]
[www.simpletraffic.co/front/assets/svg/icons/icon-24.svg]
[www.simpletraffic.co/order.html]
[www.simpletraffic.co/front/assets/svg/components/abstract-shapes-12.svg]
[www.simpletraffic.co/front/assets/svg/icons/icon-22.svg]
[www.simpletraffic.co/front/assets/svg/icons/icon-5.svg]
[www.simpletraffic.co/front/assets/svg/icons/icon-1.svg]
[www.simpletraffic.co/front/assets/svg/icons/icon-23.svg]
[www.simpletraffic.co/front/assets/svg/components/abstract-shapes-19.svg]
[www.simpletraffic.co/front/assets/svg/components/ipad-horizontal.svg]
[www.simpletraffic.co/images/SimpleTraffic-Dashboard-Summary.png]
[www.simpletraffic.co/images/SimpleTraffic-login-screen.png]
[www.simpletraffic.co/images/SimpleTraffic-Dashboard-Sidebar.png]
[www.simpletraffic.co/front/assets/svg/components/abstract-shapes-3.svg]
[www.simpletraffic.co/front/assets/svg/illustrations/knowledgebase-community-1.svg]
[www.simpletraffic.co/front/assets/svg/illustrations/data-report.svg]
[www.simpletraffic.co/front/assets/svg/illustrations/buyer.svg]
[www.simpletraffic.co/front/assets/svg/illustrations/stars.svg]
[www.simpletraffic.co/front/assets/svg/components/half-circle-2.svg]
[www.simpletraffic.co/images/twitter-avatars/1.jpg]
[www.simpletraffic.co/images/twitter-avatars/2.jpg]
[www.simpletraffic.co/images/twitter-avatars/3.jpg]
[www.simpletraffic.co/images/twitter-avatars/4.jpg]
[www.simpletraffic.co/images/twitter-avatars/6.jpg]
[www.simpletraffic.co/images/twitter-avatars/8.jpg]
[www.simpletraffic.co/images/twitter-avatars/twitter_verified_badge.png]
[www.simpletraffic.co/how-to-cancel.html]
[www.simpletraffic.co/refund-policy.html]
[www.simpletraffic.co/front/assets/svg/icons/icon-4.svg]
[www.simpletraffic.co/front/assets/svg/components/half-circle-3.svg]
[www.simpletraffic.co/ordera49b.html]
[www.simpletraffic.co/order8efa.html]
[www.simpletraffic.co/order1d36.html]
[www.simpletraffic.co/orderd297.html]
[www.simpletraffic.co/order0b7a.html]
[www.simpletraffic.co/ordera76d.html]
[www.simpletraffic.co/order7071.html]
[www.simpletraffic.co/order733d.html]
[www.simpletraffic.co/order73a6.html]
[www.simpletraffic.co/front/assets/svg/icons/icon-white-27.svg]
[www.simpletraffic.co/front/assets/svg/icons/icon-white-21.svg]
[www.simpletraffic.co/front/assets/svg/icons/icon-white-42.svg]
[www.simpletraffic.co/terms-of-service.html]
[www.simpletraffic.co/privacy-policy.html]
[www.simpletraffic.co/cookies-policy.html]
[www.simpletraffic.co/ordera9df.html]
[www.simpletraffic.co/front/assets/vendor/jquery/dist/jquery.min.js]
[www.simpletraffic.co/front/assets/vendor/jquery-migrate/dist/jquery-migrate.min.js]
[www.simpletraffic.co/front/assets/vendor/bootstrap/dist/js/bootstrap.bundle.min.js]
[www.simpletraffic.co/front/assets/js/hs.core.js]
[www.simpletraffic.co/front/assets/vendor/hs-header/dist/hs-header.min.js]
[www.simpletraffic.co/front/assets/vendor/hs-mega-menu/dist/hs-mega-menu.min.js]
[www.simpletraffic.co/front/assets/vendor/hs-scroll-nav/dist/hs-scroll-nav.min.js]
[www.simpletraffic.co/front/assets/vendor/typed.js/lib/typed.min.js]
[www.simpletraffic.co/front/assets/vendor/fancybox/dist/jquery.fancybox.min.js]
[www.simpletraffic.co/front/assets/js/hs.fancybox.js]
[www.simpletraffic.co/front/assets/vendor/slick-carousel/slick/slick.min.js]
[www.simpletraffic.co/front/assets/js/hs.slick-carousel.js]
[www.simpletraffic.co/front/assets/vendor/dzsparallaxer/dzsparallaxer.js]
[www.simpletraffic.co/assets/uptime_robot_status.js]
[www.simpletraffic.co/images/girl-no.gif]
[www.simpletraffic.co/index.html]
[www.simpletraffic.co/front/assets/vendor/font-awesome/webfonts/fa-regular-400.html]
[www.simpletraffic.co/front/assets/vendor/font-awesome/webfonts/fa-brands-400.html]
[www.simpletraffic.co/front/assets/vendor/font-awesome/webfonts/fa-solid-900.html]
[www.simpletraffic.co/images/favicon/site.html]
[www.simpletraffic.co/cdn-cgi/scripts/7d0fa10a/cloudflare-static/rocket-loader.min.js]
[bat.bing.com/bat.js]
[www.simpletraffic.co/front/assets/css/theme45e5.css]
[www.simpletraffic.co/front/assets/svg/components/circle-preloader.svg]
[www.simpletraffic.co/front/assets/vendor/font-awesome/webfonts/fa-brands-400.eot]
[www.simpletraffic.co/front/assets/vendor/font-awesome/webfonts/fa-brands-400d41d.eot]
[www.simpletraffic.co/front/assets/vendor/font-awesome/webfonts/fa-brands-400.woff]
[www.simpletraffic.co/front/assets/vendor/font-awesome/webfonts/fa-brands-400.ttf]
[www.simpletraffic.co/front/assets/vendor/font-awesome/webfonts/fa-brands-400.svg]
[www.simpletraffic.co/front/assets/vendor/font-awesome/webfonts/fa-regular-400.eot]
[www.simpletraffic.co/front/assets/vendor/font-awesome/webfonts/fa-regular-400d41d.eot]
[www.simpletraffic.co/front/assets/vendor/font-awesome/webfonts/fa-regular-400.woff]
[www.simpletraffic.co/front/assets/vendor/font-awesome/webfonts/fa-regular-400.ttf]
[www.simpletraffic.co/front/assets/vendor/font-awesome/webfonts/fa-regular-400.svg]
[www.simpletraffic.co/front/assets/vendor/font-awesome/webfonts/fa-solid-900.eot]
[www.simpletraffic.co/front/assets/vendor/font-awesome/webfonts/fa-solid-900d41d.eot]
[www.simpletraffic.co/front/assets/vendor/font-awesome/webfonts/fa-solid-900.woff]
[www.simpletraffic.co/front/assets/vendor/font-awesome/webfonts/fa-solid-900.ttf]
[www.simpletraffic.co/front/assets/vendor/font-awesome/css/all.min.css]
[www.simpletraffic.co/assets/ab-test.css]
[www.simpletraffic.co/front/assets/vendor/hs-mega-menu/dist/hs-mega-menu.min.css]
[www.simpletraffic.co/front/assets/vendor/fancybox/dist/jquery.fancybox.min.css]
[www.simpletraffic.co/front/assets/vendor/slick-carousel/slick/slick.css]
[www.simpletraffic.co/front/assets/vendor/font-awesome/webfonts/fa-solid-900.svg]
[www.simpletraffic.co/front/assets/vendor/dzsparallaxer/img/grey_wash_wall.jpg]
[www.simpletraffic.co/front/assets/vendor/dzsparallaxer/img/fog_clouds_png_by_paradise234-d5czivb.png]
[www.simpletraffic.co/front/assets/vendor/dzsparallaxer/dzsparallaxer.css]
[www.simpletraffic.co/images/background5.html]
[www.simpletraffic.co/images/review1.html]
[www.simpletraffic.co/index-2.html]
[www.simpletraffic.co/front/assets/svg/icons/icon-2.svg]
[www.simpletraffic.co/front/assets/svg/icons/icon-24.svg]
[www.simpletraffic.co/front/assets/css/theme.css]
[cdnjs.cloudflare.com/ajax/libs/slim-select/1.23.0/slimselect.min.css]
[www.simpletraffic.co/cdnjs.cloudflare.com]
[www.simpletraffic.co/front/assets/vendor/jquery-validation/dist/jquery.validate.min.js]
[www.simpletraffic.co/front/assets/js/hs.validation.js]
[cdnjs.cloudflare.com/ajax/libs/slim-select/1.23.0/slimselect.min.js]
[www.simpletraffic.co/images/abstract-shapes-20.svg]
[www.simpletraffic.co/index-3.html]
[www.simpletraffic.co/videos/thumbnails/simpletraffic-order-video-thumbnail1.jpg]
[www.simpletraffic.co/videos/signup-simple-traffic.mp4]
[www.simpletraffic.co/videos/signup-simple-traffic.ogg]
[www.simpletraffic.co/videos/signup-simple-traffic.webm]
[www.simpletraffic.co/images/Simple-Traffic-Logo-Black.png]
[www.simpletraffic.co/front/assets/svg/icons/icon-61.svg]
[www.simpletraffic.co/order.html]
[www.simpletraffic.co/front/assets/svg/components/abstract-shapes-12.svg]
[www.simpletraffic.co/front/assets/svg/icons/icon-22.svg]
[www.simpletraffic.co/front/assets/svg/icons/icon-5.svg]
[www.simpletraffic.co/front/assets/svg/icons/icon-1.svg]
[www.simpletraffic.co/front/assets/svg/icons/icon-23.svg]
[www.simpletraffic.co/front/assets/svg/components/abstract-shapes-19.svg]
[www.simpletraffic.co/front/assets/svg/components/ipad-horizontal.svg]
[www.simpletraffic.co/front/assets/svg/components/abstract-shapes-3.svg]
[www.simpletraffic.co/front/assets/svg/illustrations/knowledgebase-community-1.svg]
[www.simpletraffic.co/front/assets/svg/illustrations/data-report.svg]
[www.simpletraffic.co/front/assets/svg/illustrations/buyer.svg]
[www.simpletraffic.co/front/assets/svg/illustrations/stars.svg]
[www.simpletraffic.co/front/assets/svg/components/half-circle-2.svg]
[www.simpletraffic.co/images/Simple-Traffic-FB2.jpg]
[www.simpletraffic.co/videos/simple-traffic-video-homepage-fb.mp4]
[www.simpletraffic.co/front/assets/css/theme6421.css]
[www.simpletraffic.co/simple-traffic-reviews.html]
[www.simpletraffic.co/front/assets/svg/illustrations/communication.svg]
[www.simpletraffic.co/front/assets/vendor/appear.min.js]
[www.simpletraffic.co/front/assets/vendor/hs-sticky-block/dist/hs-sticky-block.min.js]
[www.simpletraffic.co/how-to-cancel.html]
[www.simpletraffic.co/front/assets/svg/icons/icon-15.svg]
[www.simpletraffic.co/front/assets/vendor/hs-step-form/dist/hs-step-form.min.js]
[www.simpletraffic.co/refund-policy.html]
[www.simpletraffic.co/front/assets/svg/icons/icon-4.svg]
[www.simpletraffic.co/front/assets/svg/components/half-circle-3.svg]
[www.simpletraffic.co/ordera49b.html]
[www.simpletraffic.co/order8efa.html]
[www.simpletraffic.co/order1d36.html]
[www.simpletraffic.co/orderd297.html]
[www.simpletraffic.co/order0b7a.html]
[www.simpletraffic.co/ordera76d.html]
[www.simpletraffic.co/order7071.html]
[www.simpletraffic.co/order733d.html]
[www.simpletraffic.co/order73a6.html]
[www.simpletraffic.co/front/assets/svg/icons/icon-white-27.svg]
[www.simpletraffic.co/front/assets/svg/icons/icon-white-21.svg]
[www.simpletraffic.co/front/assets/svg/icons/icon-white-42.svg]
[www.simpletraffic.co/terms-of-service.html]
[www.simpletraffic.co/privacy-policy.html]
[www.simpletraffic.co/cookies-policy.html]
[www.simpletraffic.co/ordera9df.html]
[www.simpletraffic.co/POST/index.html]
[www.simpletraffic.co/front/assets/svg/components/circle-preloader.svg]
[www.simpletraffic.co/front/assets/vendor/font-awesome/webfonts/fa-brands-400.svg]
[www.simpletraffic.co/front/assets/vendor/font-awesome/webfonts/fa-regular-400.svg]
[www.simpletraffic.co/front/assets/vendor/font-awesome/webfonts/fa-solid-900.svg]
[www.simpletraffic.co/front/assets/css/theme.css]
[cdnjs.cloudflare.com/ajax/libs/slim-select/1.23.0/slimselect.min.css]
[www.simpletraffic.co/cdnjs.cloudflare.html]
[www.simpletraffic.co/images/abstract-shapes-20.svg]
[www.simpletraffic.co/index-3.html]
[www.simpletraffic.co/front/assets/svg/icons/icon-61.svg]
[www.simpletraffic.co/document.location/index.html]
[www.simpletraffic.co/GET/index.html]
[www.simpletraffic.co/front/assets/css/theme6421.css]
[www.simpletraffic.co/images/best-website-traffic-source.png]
[www.simpletraffic.co/images/trendstories-logo.png]
[www.simpletraffic.co/images/seoshouts-logo.png]
[www.simpletraffic.co/images/marketing-spot-logo.jpg]
[www.simpletraffic.co/images/twitter-avatars/7.jpg]
[www.simpletraffic.co/images/twitter-avatars/9.jpg]
[www.simpletraffic.co/images/twitter-avatars/5.jpg]
[www.simpletraffic.co/front/assets/vendor/hs-video-player/dist/hs-video-player.min.js]
[www.simpletraffic.co/simple-traffic-reviews.html]
[www.simpletraffic.co/front/assets/svg/illustrations/communication.svg]
[www.simpletraffic.co/front/assets/svg/icons/icon-15.svg]
